[2026-03-21 16:49:22] INPUT: помощ | INTENT: help | PARAMS:  | RESULT: Команди:
- Добави клуб Име
- Покажи всички клубове
- Изтрий клуб Име
- Добави играч Име в Клуб позиция Позиция номер N
- Покажи играчи на Клуб
- Смени име/позиция/номер/статус на Име на Стойност
- Изтрий играч Име
- Трансфер Име от Клуб1 в Клуб2 YYYY-MM-DD [сума N]
- Покажи трансфери на Име
- Покажи трансфери на клуб Клуб
- Изход
[2026-03-21 16:49:29] INPUT: покажи играчи на Берое | INTENT: list_players | PARAMS: param1=берое | RESULT: Играчите на 'Берое':
- Стефан Велев | MF | #6 | active
- Александър Василев | DF | #4 | active
- меси | GK | #9 | Inactive
[2026-03-21 16:50:07] INPUT: трансфер Стефан Велев от Берое в ЦСКА София 2026-03-21 | INTENT: transfer_player | PARAMS: param1=стефан велев, param2=берое, param3=цска софия, param4=2026-03-21 | RESULT: Грешка при трансфера.
[2026-03-21 16:50:18] INPUT: трансфер Георги Иванов от Левски София в Лудогорец 2026-03-10 | INTENT: transfer_player | PARAMS: param1=георги иванов, param2=левски софия, param3=лудогорец, param4=2026-03-10 | RESULT: Играчът не е в този клуб.
[2026-03-21 16:50:22] INPUT: покажи играчи на Лудогорец | INTENT: list_players | PARAMS: param1=лудогорец | RESULT: Играчите на 'Лудогорец':
- Иван Петров | FW | #9 | active
- Георги Иванов | MF | #8 | active
- Марселино | FW | #11 | active
- Кирил Десподов | FW | #7 | active
- Антон Недялков | DF | #3 | active
[2026-03-21 16:51:06] INPUT: трансфер Георги Иванов от Лудогорец в Берое 2026-03-10 | INTENT: transfer_player | PARAMS: param1=георги иванов, param2=лудогорец, param3=берое, param4=2026-03-10 | RESULT: Грешка при трансфера.
[2026-03-21 16:51:15] INPUT: покажи играчи на Лудогорец | INTENT: list_players | PARAMS: param1=лудогорец | RESULT: Играчите на 'Лудогорец':
- Иван Петров | FW | #9 | active
- Георги Иванов | MF | #8 | active
- Марселино | FW | #11 | active
- Кирил Десподов | FW | #7 | active
- Антон Недялков | DF | #3 | active
[2026-03-21 16:52:00] INPUT: трансфер Иван Петров от Лудогорец в Берое 2026-03-12 | INTENT: transfer_player | PARAMS: param1=иван петров, param2=лудогорец, param3=берое, param4=2026-03-12 | RESULT: Грешка при трансфера.
[2026-03-21 16:52:10] INPUT: трансфер Георги Иванов от Левски София в Лудогорец 2026-03-10 | INTENT: transfer_player | PARAMS: param1=георги иванов, param2=левски софия, param3=лудогорец, param4=2026-03-10 | RESULT: Играчът не е в този клуб.
[2026-03-21 16:52:32] INPUT: трансфер Георги Иванов от Лудогорец в Левски София 2026-03-10 | INTENT: transfer_player | PARAMS: param1=георги иванов, param2=лудогорец, param3=левски софия, param4=2026-03-10 | RESULT: Грешка при трансфера.
[2026-03-21 16:52:56] INPUT: покажи трансфери на Георги Иванов | INTENT: show_transfers_player | PARAMS: param1=георги иванов | RESULT: Трансфери на 'Георги Иванов':
- 2026-03-10 | Левски София → Лудогорец | N/A
[2026-03-21 16:53:16] INPUT: покажи трансфери на клуб Левски София | INTENT: show_transfers_player | PARAMS: param1=клуб левски софия | RESULT: Няма трансфери за 'клуб Левски София'.
[2026-03-21 16:53:21] INPUT: покажи трансфери на Левски София | INTENT: show_transfers_player | PARAMS: param1=левски софия | RESULT: Няма трансфери за 'Левски София'.
[2026-03-21 16:53:27] INPUT: покажи трансфери на Лудогорец | INTENT: show_transfers_player | PARAMS: param1=лудогорец | RESULT: Няма трансфери за 'Лудогорец'.
[2026-03-21 16:53:35] INPUT: покажи трансфери на Лудогорец | INTENT: show_transfers_player | PARAMS: param1=лудогорец | RESULT: Няма трансфери за 'Лудогорец'.
[2026-03-21 16:53:37] INPUT: покажи трансфери на Левски София | INTENT: show_transfers_player | PARAMS: param1=левски софия | RESULT: Няма трансфери за 'Левски София'.
[2026-03-21 16:53:40] INPUT: покажи трансфери на Георги Иванов | INTENT: show_transfers_player | PARAMS: param1=георги иванов | RESULT: Трансфери на 'Георги Иванов':
- 2026-03-10 | Левски София → Лудогорец | N/A
[2026-03-21 16:54:02] INPUT: трансфер Георги Иванов от Лудогорец в Берое 2026-03-11 | INTENT: transfer_player | PARAMS: param1=георги иванов, param2=лудогорец, param3=берое, param4=2026-03-11 | RESULT: Грешка при трансфера.
[2026-03-21 17:18:17] INPUT: помощ | INTENT: help | PARAMS:  | RESULT: Команди:
- Добави клуб Име
- Покажи всички клубове
- Изтрий клуб Име
- Добави играч Име в Клуб позиция Позиция номер N
- Покажи играчи на Клуб
- Смени име/позиция/номер/статус на Име на Стойност
- Изтрий играч Име
- Трансфер Име от Клуб1 в Клуб2 YYYY-MM-DD [сума N]
- Покажи трансфери на Име
- Покажи трансфери на клуб Клуб
- Изход
[2026-03-21 17:18:24] INPUT: покажи играчи на Берое | INTENT: list_players | PARAMS: param1=берое | RESULT: Играчите на 'Берое':
- Стефан Велев | MF | #6 | active
- Александър Василев | DF | #4 | active
[2026-03-21 17:18:29] INPUT: покажи играчи на Лудогорец | INTENT: list_players | PARAMS: param1=лудогорец | RESULT: Играчите на 'Лудогорец':
- Марселино | FW | #11 | active
- Кирил Десподов | FW | #7 | active
- Антон Недялков | DF | #3 | active
[2026-03-21 17:18:42] INPUT: трансфер Мерселино от Лудогорец в Берое 2026-03-21 | INTENT: transfer_player | PARAMS: param1=мерселино, param2=лудогорец, param3=берое, param4=2026-03-21 | RESULT: Играчът 'Мерселино' не съществува.
[2026-03-21 17:18:52] INPUT: трансфер Кирил Десподов  от Лудогорец в Берое 2026-03-21 | INTENT: transfer_player | PARAMS: param1=кирил десподов , param2=лудогорец, param3=берое, param4=2026-03-21 | RESULT: Играчът 'Кирил Десподов ' не съществува.
[2026-03-21 17:18:57] INPUT: трансфер Кирил Десподов от Лудогорец в Берое 2026-03-21 | INTENT: transfer_player | PARAMS: param1=кирил десподов, param2=лудогорец, param3=берое, param4=2026-03-21 | RESULT: Трансфер: Кирил Десподов от Лудогорец → Берое (2026-03-21)
[2026-03-21 17:19:07] INPUT: покажи играчи на Лудогорец | INTENT: list_players | PARAMS: param1=лудогорец | RESULT: Играчите на 'Лудогорец':
- Марселино | FW | #11 | active
- Антон Недялков | DF | #3 | active
[2026-03-21 17:19:09] INPUT: покажи играчи на Берое | INTENT: list_players | PARAMS: param1=берое | RESULT: Играчите на 'Берое':
- Кирил Десподов | FW | #7 | active
- Стефан Велев | MF | #6 | active
- Александър Василев | DF | #4 | active
[2026-03-21 17:19:18] INPUT: покажи трансфери на Кирил Десподов | INTENT: show_transfers_player | PARAMS: param1=кирил десподов | RESULT: Трансфери на 'Кирил Десподов':
- 2026-03-21 | Лудогорец → Берое | N/A
[2026-03-21 17:19:33] INPUT: трансфер Кирил Десподов от Берое в Лудогорец 2026-03-22 | INTENT: transfer_player | PARAMS: param1=кирил десподов, param2=берое, param3=лудогорец, param4=2026-03-22 | RESULT: Трансфер: Кирил Десподов от Берое → Лудогорец (2026-03-22)
[2026-03-21 17:19:35] INPUT: покажи трансфери на Кирил Десподов | INTENT: show_transfers_player | PARAMS: param1=кирил десподов | RESULT: Трансфери на 'Кирил Десподов':
- 2026-03-22 | Берое → Лудогорец | N/A
- 2026-03-21 | Лудогорец → Берое | N/A
[2026-03-21 17:19:39] INPUT: покажи играчи на Лудогорец | INTENT: list_players | PARAMS: param1=лудогорец | RESULT: Играчите на 'Лудогорец':
- Марселино | FW | #11 | active
- Кирил Десподов | FW | #7 | active
- Антон Недялков | DF | #3 | active
[2026-03-21 17:19:42] INPUT: покажи играчи на Берое | INTENT: list_players | PARAMS: param1=берое | RESULT: Играчите на 'Берое':
- Стефан Велев | MF | #6 | active
- Александър Василев | DF | #4 | active
[2026-03-21 17:19:51] INPUT: покажи играчи на Берое | INTENT: list_players | PARAMS: param1=берое | RESULT: Играчите на 'Берое':
- Стефан Велев | MF | #6 | active
- Александър Василев | DF | #4 | active
[2026-03-21 17:20:02] INPUT: покажи играчи на Лудогорец | INTENT: list_players | PARAMS: param1=лудогорец | RESULT: Играчите на 'Лудогорец':
- Марселино | FW | #11 | active
- Кирил Десподов | FW | #7 | active
- Антон Недялков | DF | #3 | active
[2026-03-21 17:20:07] INPUT: помощ | INTENT: help | PARAMS:  | RESULT: Команди:
- Добави клуб Име
- Покажи всички клубове
- Изтрий клуб Име
- Добави играч Име в Клуб позиция Позиция номер N
- Покажи играчи на Клуб
- Смени име/позиция/номер/статус на Име на Стойност
- Изтрий играч Име
- Трансфер Име от Клуб1 в Клуб2 YYYY-MM-DD [сума N]
- Покажи трансфери на Име
- Покажи трансфери на клуб Клуб
- Изход
[2026-03-21 17:20:14] INPUT: покажи трансфери на клуб Берое | INTENT: show_transfers_player | PARAMS: param1=клуб берое | RESULT: Няма трансфери за 'клуб Берое'.
[2026-03-21 17:20:18] INPUT: покажи трансфери на Берое | INTENT: show_transfers_player | PARAMS: param1=берое | RESULT: Няма трансфери за 'Берое'.
[2026-03-21 17:20:24] INPUT: покажи трансфери на Лудогорец | INTENT: show_transfers_player | PARAMS: param1=лудогорец | RESULT: Няма трансфери за 'Лудогорец'.
[2026-03-21 17:20:51] INPUT: покажи трансфери на клуб Берое | INTENT: show_transfers_player | PARAMS: param1=клуб берое | RESULT: Няма трансфери за 'клуб Берое'.
[2026-03-21 17:20:57] INPUT: покажи трансфери на Берое | INTENT: show_transfers_player | PARAMS: param1=берое | RESULT: Няма трансфери за 'Берое'.
[2026-03-21 17:21:17] INPUT: покажи трансфери на клуб Берое | INTENT: show_transfers_player | PARAMS: param1=клуб берое | RESULT: Няма трансфери за 'клуб Берое'.
[2026-03-21 17:21:20] INPUT: покажи трансфери на Берое | INTENT: show_transfers_player | PARAMS: param1=берое | RESULT: Няма трансфери за 'Берое'.
[2026-03-21 17:55:13] INPUT: покажи трансфери на клуб Берое | INTENT: show_transfers_player | PARAMS: param1=клуб берое | RESULT: Не разбирам командата. Напиши 'помощ'.
[2026-03-21 17:55:15] INPUT: покажи трансфери на Берое | INTENT: show_transfers_player | PARAMS: param1=берое | RESULT: Не разбирам командата. Напиши 'помощ'.
[2026-03-21 17:55:33] INPUT: покажи трансфери на Берое | INTENT: show_transfers_player | PARAMS: param1=берое | RESULT: Не разбирам командата. Напиши 'помощ'.
[2026-03-21 17:55:36] INPUT: покажи трансфери на клуб Берое | INTENT: show_transfers_player | PARAMS: param1=клуб берое | RESULT: Не разбирам командата. Напиши 'помощ'.
[2026-03-21 17:55:50] INPUT: покажи трансфери на Кирил Десподов | INTENT: show_transfers_player | PARAMS: param1=кирил десподов | RESULT: Не разбирам командата. Напиши 'помощ'.
[2026-03-21 17:56:00] INPUT: помощ | INTENT: help | PARAMS:  | RESULT: Не разбирам командата. Напиши 'помощ'.
[2026-03-21 17:56:07] INPUT: помощ | INTENT: help | PARAMS:  | RESULT: Не разбирам командата. Напиши 'помощ'.
[2026-03-21 17:56:28] INPUT: помощ | INTENT: help | PARAMS:  | RESULT: Команди:
- Добави клуб Име
- Покажи всички клубове
- Изтрий клуб Име
- Добави играч Име в Клуб позиция Позиция номер N
- Покажи играчи на Клуб
- Смени име/позиция/номер/статус на Име на Стойност
- Изтрий играч Име
- Трансфер Име от Клуб1 в Клуб2 YYYY-MM-DD [сума N]
- Покажи трансфери на Име
- Покажи трансфери на клуб Клуб
- Изход
[2026-03-21 17:56:31] INPUT: покажи трансфери на Кирил Десподов | INTENT: show_transfers_player | PARAMS: param1=кирил десподов | RESULT: Трансфери на 'Кирил Десподов':
- 2026-03-22 | Берое → Лудогорец | N/A
- 2026-03-21 | Лудогорец → Берое | N/A
[2026-03-21 17:56:33] INPUT: покажи трансфери на Берое | INTENT: show_transfers_player | PARAMS: param1=берое | RESULT: Няма трансфери за 'Берое'.
[2026-03-21 17:56:49] INPUT: покажи трансфери на Берое | INTENT: show_transfers_player | PARAMS: param1=берое | RESULT: Не разбирам командата. Напиши 'помощ'.
[2026-03-21 17:56:51] INPUT: помощ | INTENT: help | PARAMS:  | RESULT: Не разбирам командата. Напиши 'помощ'.
[2026-03-21 17:57:26] INPUT: помощ | INTENT: help | PARAMS:  | RESULT: Не разбирам командата. Напиши 'помощ'.
[2026-03-21 17:57:40] INPUT: помощ | INTENT: help | PARAMS:  | RESULT: Команди:
- Добави клуб Име
- Покажи всички клубове
- Изтрий клуб Име
- Добави играч Име в Клуб позиция Позиция номер N
- Покажи играчи на Клуб
- Смени име/позиция/номер/статус на Име на Стойност
- Изтрий играч Име
- Трансфер Име от Клуб1 в Клуб2 YYYY-MM-DD [сума N]
- Покажи трансфери на Име
- Покажи трансфери на клуб Клуб
- Изход
[2026-03-21 17:59:26] INPUT: помощ | INTENT: help | PARAMS:  | RESULT: Не разбирам командата. Напиши 'помощ'.
[2026-03-21 17:59:36] INPUT: помощ | INTENT: help | PARAMS:  | RESULT: Команди:
- Добави клуб Име
- Покажи всички клубове
- Изтрий клуб Име
- Добави играч Име в Клуб позиция Позиция номер N
- Покажи играчи на Клуб
- Смени име/позиция/номер/статус на Име на Стойност
- Изтрий играч Име
- Трансфер Име от Клуб1 в Клуб2 YYYY-MM-DD [сума N]
- Покажи трансфери на Име
- Покажи трансфери на клуб Клуб
- Изход
[2026-03-21 18:08:52] INPUT: помощ | INTENT: help | PARAMS:  | RESULT: Команди:
- Добави клуб Име
- Покажи всички клубове
- Изтрий клуб Име
- Добави играч Име в Клуб позиция Позиция номер N
- Покажи играчи на Клуб
- Смени име/позиция/номер/статус на Име на Стойност
- Изтрий играч Име
- Трансфер Име от Клуб1 в Клуб2 YYYY-MM-DD [сума N]
- Покажи трансфери на Име
- Покажи трансфери на клуб Клуб
- Изход
[2026-03-21 18:08:53] INPUT: покажи трансфери на Берое | INTENT: show_transfers_player | PARAMS: param1=берое | RESULT: Няма трансфери за 'Берое'.
[2026-03-21 18:08:55] INPUT: покажи трансфери на Кирил Десподов | INTENT: show_transfers_player | PARAMS: param1=кирил десподов | RESULT: Трансфери на 'Кирил Десподов':
- 2026-03-22 | Берое → Лудогорец | N/A
- 2026-03-21 | Лудогорец → Берое | N/A
[2026-03-21 18:09:00] INPUT: покажи трансфери на Кирил Десподов | INTENT: show_transfers_player | PARAMS: param1=кирил десподов | RESULT: Трансфери на 'Кирил Десподов':
- 2026-03-22 | Берое → Лудогорец | N/A
- 2026-03-21 | Лудогорец → Берое | N/A
[2026-03-21 18:09:05] INPUT: покажи трансфери на Лудогорец | INTENT: show_transfers_player | PARAMS: param1=лудогорец | RESULT: Няма трансфери за 'Лудогорец'.
[2026-03-21 18:09:08] INPUT: покажи трансфери на клуб Лудогорец | INTENT: show_transfers_player | PARAMS: param1=клуб лудогорец | RESULT: Няма трансфери за 'клуб Лудогорец'.
[2026-03-21 18:12:00] INPUT: покажи трансфери на Лудогорец | INTENT: show_transfers_player | PARAMS: param1=лудогорец | RESULT: Няма трансфери за 'Лудогорец'.
[2026-03-21 18:12:01] INPUT: покажи трансфери на Кирил Десподов | INTENT: show_transfers_player | PARAMS: param1=кирил десподов | RESULT: Трансфери на 'Кирил Десподов':
- 2026-03-22 | Берое → Лудогорец | N/A
- 2026-03-21 | Лудогорец → Берое | N/A
[2026-03-21 18:12:08] INPUT: покажи трансфери на Берое | INTENT: show_transfers_player | PARAMS: param1=берое | RESULT: Няма трансфери за 'Берое'.
[2026-03-21 18:12:11] INPUT: покажи трансфери на клуб Берое | INTENT: show_transfers_player | PARAMS: param1=клуб берое | RESULT: Няма трансфери за 'клуб Берое'.
[2026-03-21 18:12:21] INPUT: покажи трансфери на Лудогорец | INTENT: show_transfers_player | PARAMS: param1=лудогорец | RESULT: Няма трансфери за 'Лудогорец'.
[2026-03-21 18:12:33] INPUT: покажи трансфери на Лудогорец | INTENT: show_transfers_player | PARAMS: param1=лудогорец | RESULT: Няма трансфери за 'Лудогорец'.
[2026-03-21 18:14:36] INPUT: покажи трансфери на Лудогорец | INTENT: show_transfers_player | PARAMS: param1=лудогорец | RESULT: Няма трансфери за 'Лудогорец'.
[2026-03-21 18:14:43] INPUT: покажи трансфери на Кирил Десподов | INTENT: show_transfers_player | PARAMS: param1=кирил десподов | RESULT: Трансфери на 'Кирил Десподов':
- 2026-03-22 | Берое → Лудогорец | N/A
- 2026-03-21 | Лудогорец → Берое | N/A
[2026-03-21 18:14:45] INPUT: покажи трансфери на Лудогорец | INTENT: show_transfers_player | PARAMS: param1=лудогорец | RESULT: Няма трансфери за 'Лудогорец'.
[2026-03-21 18:15:34] INPUT: покажи трансфери на клуб Лудогорец | INTENT: show_transfers_player | PARAMS: param1=клуб лудогорец | RESULT: Не разбирам командата. Напиши 'помощ'.
[2026-03-21 18:15:36] INPUT: покажи трансфери на Кирил Десподов | INTENT: show_transfers_player | PARAMS: param1=кирил десподов | RESULT: Не разбирам командата. Напиши 'помощ'.
[2026-03-21 18:15:51] INPUT: покажи трансфери на Лудогорец | INTENT: show_transfers_player | PARAMS: param1=лудогорец | RESULT: Няма трансфери за 'Лудогорец'.
[2026-03-21 18:15:53] INPUT: покажи трансфери на Берое | INTENT: show_transfers_player | PARAMS: param1=берое | RESULT: Няма трансфери за 'Берое'.
[2026-03-21 18:16:20] INPUT: покажи трансфери на Кирил Десподов | INTENT: show_transfers_player | PARAMS: param1=кирил десподов | RESULT: Трансфери на 'Кирил Десподов':
- 2026-03-22 | Берое → Лудогорец | N/A
- 2026-03-21 | Лудогорец → Берое | N/A
[2026-03-21 18:17:03] INPUT: покажи трансфери на Лудогорец | INTENT: show_transfers_player | PARAMS: param1=лудогорец | RESULT: Няма трансфери за 'Лудогорец'.
[2026-03-21 18:17:05] INPUT: покажи трансфери на клуб Лудогорец | INTENT: show_transfers_player | PARAMS: param1=клуб лудогорец | RESULT: Няма трансфери за 'клуб Лудогорец'.
[2026-03-21 18:17:07] INPUT: покажи трансфери на Кирил Десподов | INTENT: show_transfers_player | PARAMS: param1=кирил десподов | RESULT: Трансфери на 'Кирил Десподов':
- 2026-03-22 | Берое → Лудогорец | N/A
- 2026-03-21 | Лудогорец → Берое | N/A
[2026-03-21 18:17:08] INPUT: покажи трансфери на Берое | INTENT: show_transfers_player | PARAMS: param1=берое | RESULT: Няма трансфери за 'Берое'.
[2026-03-21 18:17:30] INPUT: помощ | INTENT: help | PARAMS:  | RESULT: Команди:
- Добави клуб Име
- Покажи всички клубове
- Изтрий клуб Име
- Добави играч Име в Клуб позиция Позиция номер N
- Покажи играчи на Клуб
- Смени име/позиция/номер/статус на Име на Стойност
- Изтрий играч Име
- Трансфер Име от Клуб1 в Клуб2 YYYY-MM-DD [сума N]
- Покажи трансфери на Име
- Покажи трансфери на клуб Клуб
- Изход
[2026-03-21 18:18:22] INPUT: покажи трансфери на Меси | INTENT: show_transfers_player | PARAMS: param1=меси | RESULT: Няма трансфери за 'Меси'.
[2026-03-21 18:18:44] INPUT: покажи играчи на Берое | INTENT: list_players | PARAMS: param1=берое | RESULT: Играчите на 'Берое':
- Стефан Велев | MF | #6 | active
- Александър Василев | DF | #4 | active
[2026-03-21 18:18:52] INPUT: покажи трансфери на Кирил Десподов | INTENT: show_transfers_player | PARAMS: param1=кирил десподов | RESULT: Трансфери на 'Кирил Десподов':
- 2026-03-22 | Берое → Лудогорец | N/A
- 2026-03-21 | Лудогорец → Берое | N/A
[2026-03-21 18:18:58] INPUT: покажи трансфери на Стефан Велев | INTENT: show_transfers_player | PARAMS: param1=стефан велев | RESULT: Няма трансфери за 'Стефан Велев'.
[2026-03-21 18:22:41] INPUT: покажи трансфери на Стефан Велев | INTENT: show_transfers_player | PARAMS: param1=стефан велев | RESULT: Няма трансфери за 'Стефан Велев'.
[2026-03-21 18:22:45] INPUT: покажи трансфери на клуб Берое | INTENT: show_transfers_club | PARAMS: param1=берое | RESULT: Трансфери на клуб 'Берое':
- 2026-03-22 | Кирил Десподов | Берое → Лудогорец | N/A
- 2026-03-21 | Кирил Десподов | Лудогорец → Берое | N/A
- 2025-06-20 | Даниел Наумов | Пирин Благоевград → Берое | 300000.0
[2026-03-21 18:22:51] INPUT: покажи трансфери на клуб Лудогорец | INTENT: show_transfers_club | PARAMS: param1=лудогорец | RESULT: Трансфери на клуб 'Лудогорец':
- 2026-03-22 | Кирил Десподов | Берое → Лудогорец | N/A
- 2026-03-21 | Кирил Десподов | Лудогорец → Берое | N/A
- 2025-07-10 | Станислав Иванов | Арда → Лудогорец | 750000.0
[2026-03-21 18:23:54] INPUT: трансфер Даниел Наумов от Берое в Арда 2026-04-31 сума 343449 | INTENT: transfer_player | PARAMS: param1=даниел наумов, param2=берое, param3=арда, param4=2026-04-31, param5=343449 | RESULT: Невалидна дата. Формат: YYYY-MM-DD.
[2026-03-21 18:24:02] INPUT: трансфер Даниел Наумов от Берое в Арда 2026-04-26 сума 343449 | INTENT: transfer_player | PARAMS: param1=даниел наумов, param2=берое, param3=арда, param4=2026-04-26, param5=343449 | RESULT: Играчът не е в този клуб.
[2026-03-21 18:24:09] INPUT: покажи играчи на Берое | INTENT: list_players | PARAMS: param1=берое | RESULT: Играчите на 'Берое':
- Стефан Велев | MF | #6 | active
- Александър Василев | DF | #4 | active
[2026-03-21 18:24:20] INPUT: трансфер Александър Василев от Берое в Арда 2026-04-26 сума 343449 | INTENT: transfer_player | PARAMS: param1=александър василев, param2=берое, param3=арда, param4=2026-04-26, param5=343449 | RESULT: Трансфер: Александър Василев от Берое → Арда (2026-04-26)
[2026-03-21 18:24:24] INPUT: покажи играчи на Берое | INTENT: list_players | PARAMS: param1=берое | RESULT: Играчите на 'Берое':
- Стефан Велев | MF | #6 | active
[2026-03-21 18:24:27] INPUT: покажи играчи на Арда | INTENT: list_players | PARAMS: param1=арда | RESULT: Играчите на 'Арда':
- Станислав Иванов | FW | #99 | active
- Александър Василев | DF | #4 | active
[2026-03-21 18:24:37] INPUT: покажи трансфери на Арда | INTENT: show_transfers_player | PARAMS: param1=арда | RESULT: Няма трансфери за 'Арда'.
[2026-03-21 18:24:39] INPUT: покажи трансфери на клуб Арда | INTENT: show_transfers_club | PARAMS: param1=арда | RESULT: Трансфери на клуб 'Арда':
- 2026-04-26 | Александър Василев | Берое → Арда | 343449.0
- 2025-07-10 | Станислав Иванов | Арда → Лудогорец | 750000.0
[2026-03-21 18:24:45] INPUT: покажи трансфери на Стефан Василев | INTENT: show_transfers_player | PARAMS: param1=стефан василев | RESULT: Няма трансфери за 'Стефан Василев'.
[2026-03-21 18:24:53] INPUT: покажи трансфери на Стефан Велев | INTENT: show_transfers_player | PARAMS: param1=стефан велев | RESULT: Няма трансфери за 'Стефан Велев'.
[2026-03-21 18:25:09] INPUT: покажи трансфери на Александър Василев | INTENT: show_transfers_player | PARAMS: param1=александър василев | RESULT: Трансфери на 'Александър Василев':
- 2026-04-26 | Берое → Арда | 343449.0
[2026-03-21 18:25:13] INPUT: изход | INTENT: exit | PARAMS:  | RESULT: Довиждане!
