[2026-02-19 15:07:45] Command: помощ
[2026-02-19 15:07:45] Response: Команди:
- Добави клуб Име
- Покажи всички клубове
- Изтрий клуб Име
- Изход

[2026-02-19 15:08:13] Command: добави клуб Берое
[2026-02-19 15:08:13] Response: Клуб 'берое' е добавен.

[2026-02-19 15:08:25] Command: добави клуб тест
[2026-02-19 15:08:25] Response: Клуб 'тест' е добавен.

[2026-02-19 15:08:30] Command: покажи всички клубове
[2026-02-19 15:08:30] Response: Списък с клубове:
- Левски София
- ЦСКА София
- Лудогорец
- Ботев Пловдив
- Берое
- Черно море
- Славия
- Арда
- Локомотив Пловдив
- Пирин Благоевград
- берое
- тест


[2026-02-19 15:08:41] Command: изтрии клуб тет
[2026-02-19 15:08:41] Response: Не разбирам командата. Напиши 'помощ'.

[2026-02-19 15:08:45] Command: изтрии клуб тест
[2026-02-19 15:08:45] Response: Не разбирам командата. Напиши 'помощ'.

[2026-02-19 15:08:53] Command: изтрий клуб тест
[2026-02-19 15:08:53] Response: Клуб 'тест' е изтрит.

[2026-02-19 15:08:59] Command: покажи всички клубове
[2026-02-19 15:08:59] Response: Списък с клубове:
- Левски София
- ЦСКА София
- Лудогорец
- Ботев Пловдив
- Берое
- Черно море
- Славия
- Арда
- Локомотив Пловдив
- Пирин Благоевград
- берое


[2026-02-19 15:09:08] Command: изход
[2026-02-19 15:09:08] Response: Довиждане!

[2026-02-19 15:12:51] Command: помощ
[2026-02-19 15:12:51] Response: Команди:
- Добави клуб Име
- Покажи всички клубове
- Изтрий клуб Име
- Изход

[2026-02-19 15:15:39] Command: покажи всички клубове
[2026-02-19 15:15:39] Response: Списък с клубове:
- Левски София
- ЦСКА София
- Лудогорец
- Ботев Пловдив
- Берое
- Черно море
- Славия
- Арда
- Локомотив Пловдив
- Пирин Благоевград
- берое


[2026-02-19 15:15:51] Command: добави клуб тест
[2026-02-19 15:15:51] Response: Клуб 'тест' е добавен.

[2026-02-19 15:15:55] Command: добави клуб ДСФФСД
[2026-02-19 15:15:55] Response: Клуб 'дсффсд' е добавен.

[2026-02-19 15:16:25] Command: покажи всички клубове
[2026-02-19 15:16:25] Response: Списък с клубове:
- Левски София
- ЦСКА София
- Лудогорец
- Ботев Пловдив
- Берое
- Черно море
- Славия
- Арда
- Локомотив Пловдив
- Пирин Благоевград
- берое
- тест
- дсффсд


[2026-02-19 15:16:31] Command: изтрий клуб дсффсд
[2026-02-19 15:16:31] Response: Клуб 'дсффсд' е изтрит.

[2026-02-19 15:21:26] Command: изход
[2026-02-19 15:21:26] Response: Довиждане!

[2026-02-19 15:21:29] Command: помощ
[2026-02-19 15:21:29] Response: Команди:
- Добави клуб Име
- Покажи всички клубове
- Изтрий клуб Име
- Изход

[2026-02-19 15:21:34] Command: покажи всички клубове
[2026-02-19 15:21:34] Response: Списък с клубове:
- Левски София
- ЦСКА София
- Лудогорец
- Ботев Пловдив
- Берое
- Черно море
- Славия
- Арда
- Локомотив Пловдив
- Пирин Благоевград
- берое
- тест


[2026-02-19 15:21:38] Command: добави Берое
[2026-02-19 15:21:38] Response: Не разбирам командата. Напиши 'помощ'.

[2026-02-19 15:21:45] Command: изтрий клуб берое
[2026-02-19 15:21:45] Response: Клуб 'берое' е изтрит.

[2026-02-19 15:21:49] Command: добави клуб Берое
[2026-02-19 15:21:49] Response: Грешка или клубът вече съществува.

[2026-02-19 15:21:58] Command: добави клуб бр
[2026-02-19 15:21:58] Response: Клуб 'бр' е добавен.

[2026-02-19 15:22:02] Command: добави клуб Бре
[2026-02-19 15:22:02] Response: Клуб 'Бре' е добавен.

[2026-02-19 15:22:07] Command: изтрий клуб бр
[2026-02-19 15:22:07] Response: Клуб 'бр' е изтрит.

[2026-02-19 15:22:11] Command: изтрийй клуб бре
[2026-02-19 15:22:11] Response: Не разбирам командата. Напиши 'помощ'.

[2026-02-19 15:22:16] Command: изтрий клуб бре
[2026-02-19 15:22:16] Response: Клубът не съществува.

[2026-02-19 15:22:22] Command: покажи всички клубове
[2026-02-19 15:22:22] Response: Списък с клубове:
- Левски София
- ЦСКА София
- Лудогорец
- Ботев Пловдив
- Берое
- Черно море
- Славия
- Арда
- Локомотив Пловдив
- Пирин Благоевград
- тест
- Бре


[2026-02-19 15:22:26] Command: изтрий клуб бре
[2026-02-19 15:22:26] Response: Клубът не съществува.

[2026-02-19 15:22:28] Command: изтрий клуб Бре
[2026-02-19 15:22:28] Response: Клуб 'Бре' е изтрит.

[2026-02-19 15:24:14] Command: добави клуб Реал Мадрид
[2026-02-19 15:24:14] Response: Клуб 'Реал Мадрид' е добавен.

[2026-02-19 15:24:19] Command: добави клуб Барселона
[2026-02-19 15:24:19] Response: Клуб 'Барселона' е добавен.

[2026-02-19 15:24:24] Command: покажи всички клубове
[2026-02-19 15:24:24] Response: Списък с клубове:
- Левски София
- ЦСКА София
- Лудогорец
- Ботев Пловдив
- Берое
- Черно море
- Славия
- Арда
- Локомотив Пловдив
- Пирин Благоевград
- тест
- Реал Мадрид
- Барселона


[2026-02-19 15:24:31] Command: изтрий клуб Барселона
[2026-02-19 15:24:31] Response: Клуб 'Барселона' е изтрит.

[2026-02-19 15:24:36] Command: покажи всички клубове
[2026-02-19 15:24:36] Response: Списък с клубове:
- Левски София
- ЦСКА София
- Лудогорец
- Ботев Пловдив
- Берое
- Черно море
- Славия
- Арда
- Локомотив Пловдив
- Пирин Благоевград
- тест
- Реал Мадрид


[2026-02-19 15:24:46] Command: изход
[2026-02-19 15:24:46] Response: Довиждане!

